welcome to the ticket seller system
enter username:
logged in as test_buy
error: cannot sell tickets as buy-standard
bye