welcome to the ticket seller system
enter username:
logged in as standard_admin
enter account username:
error: Only one username may be accepted
bye