welcome to the ticket seller system
enter username:
logged in as standard_admin
enter account username:
error: Username length may not exceed 15 characters
bye