welcome to the ticket seller system
enter username:
logged in as test_admin
enter event name:
enter buyer name:
enter seller name:
enter refund amount:
error: refund amount is greater than the system can handle
bye