welcome to the ticket seller system
enter username:
logged in as test_buy
enter event name:
error: not authorized to use this function
bye