welcome to the ticket seller system
enter username:
bye