welcome to the ticket seller system
enter username:
logged in as standard_buy
enter seller's username:
enter event name:
error: no remaining tickets
bye