welcome to the ticket seller system
enter username:
logged in as standard_admin
enter account username:
error: User does not exist.
bye