welcome to the ticket seller system
enter username:
logged in as test_sell
error: can't buy as sell-standard
bye