welcome to the ticket seller system
enter username:
logged in as standard_buy
enter seller's username:
enter event name:
enter number of tickets to buy:
error: maximum of 4 tickets per purchase
bye