enter account username:
enter account type (admin/buying/selling):
error: Must be logged in as admin to perform this action
