welcome to the ticket seller system
enter username:
logged in as test_buypoor
enter seller's username:
enter event name:
enter number of tickets to buy:
error: not enough credit to buy that many tickets
bye