welcome to the ticket seller system
enter username:
logged in as test_admin
enter event name:
enter credit amount:
enter user to add credit to:
thank you, $100 added to test_buy
bye