welcome to the ticket seller system
enter username:
logged in as test_sell
enter event name:
enter ticket price:
enter number of tickets to sell:
error: can't sell more than 100 tickets
bye