welcome to the ticket seller system
enter username:
logged in as test_full
enter seller's username:
enter event name:
enter number of tickets to buy:
total cost for 4 tickets is 400.00. confirm? (yes/no):
purchased 4 tickets to Rich from test_sellrich for 400.00
bye