welcome to the ticket seller system
enter username:
logged in as test_buy
enter event name:
enter credit amount:
thank you, $100 added to your account
bye