welcome to the ticket seller system
enter username:
logged in as test_sell
enter event name:
enter ticket price:
error: must enter a valid ticket price
bye