welcome to the ticket seller system
enter username:
logged in as test_selling
enter account username:
error: Please log in as admin to use this service.
bye