welcome to the ticket seller system
enter username:
logged in as standard_admin
enter account username:
enter account type (admin/buying/selling):
error: Too many account types selected.
bye