welcome to the ticket seller system
enter username:
logged in as test_admin
enter event name:
enter buyer name:
enter seller name:
enter refund amount:
thank you $990001 transferred to test_buy from test_sell
bye