welcome to the ticket seller system
enter username:
logged in as test_sell
enter event name:
enter ticket price:
error: price must be 999.99 or less
bye