welcome to the ticket seller system
enter username:
logged in as test_sell
enter event name:
error: event name too long
bye