welcome to the ticket seller system
enter username:
logged in as standard_admin
enter account username:
enter account type (admin/buying/selling):
error: username cannot be NULL
bye