welcome to the ticket seller system
enter username:
logged in as standard_buy
enter seller's username:
enter event name:
enter number of tickets to buy:
total cost for 4 tickets is 400.00. confirm? (yes/no):
transaction cancelled, you have not been charged.
bye