welcome to the ticket seller system
enter username:
logged in as test_buy
enter event name:
enter credit amount:
error: add credit amount cannot be negative
bye