welcome to the ticket seller system
enter username:
logged in as test_buying
enter account username:
error: Only admin can deleted Accounts.
bye