welcome to the ticket seller system
enter username:
logged in as standard_admin
enter account username:
error: Username already deleted in past 24 hrs.
bye