welcome to the ticket seller system
enter username:
logged in as test_admin
enter event name:
enter credit amount:
enter user to add credit to:
error: add credit amount cannot be negative
bye