welcome to the ticket seller system
enter username:
logged in as standard_buy
enter seller's username:
error: must enter valid username
bye