welcome to the ticket seller system
enter username:
error: must enter a valid username